Resolving dependencies...
Downloading packages...
  cli_util 0.4.2 (0.5.2 available)
  hooks 2.0.2 (2.1.0 available)
  image 4.8.0 (4.9.1 available)
  jni 1.0.0 (1.0.3 available)
  jni_flutter 1.0.1 (1.0.2 available)
  matcher 0.12.19 (0.12.20 available)
  meta 1.18.0 (1.19.0 available)
  objective_c 9.4.1 (9.5.0 available)
  package_config 2.2.0 (3.0.0 available)
  posix 6.5.0 (6.5.2 available)
  record_use 0.6.0 (1.0.0 available)
  share_plus 13.2.1 (13.3.0 available)
  share_plus_platform_interface 7.1.0 (7.2.0 available)
  test_api 0.7.11 (0.7.13 available)
  vector_math 2.2.0 (2.4.2 available)
  xml 6.6.1 (7.0.1 available)
Got dependencies!
16 packages have newer versions incompatible with dependency constraints.
Try `flutter pub outdated` for more information.
Running Gradle task 'assembleRelease'...                        
WARNING: Your app uses the following plugins that apply Kotlin Gradle Plugin (KGP): flutter_tts
Future versions of Flutter will fail to build if your app uses plugins that apply KGP.

Please check the changelogs of these plugins and upgrade to a version that supports Built-in Kotlin.
If no such version exists, report the issue to the plugin. If necessary, here is a guide on filing 
an issue against a plugin: https://docs.flutter.dev/release/breaking-changes/migrate-to-built-in-kotlin/for-app-developers#report-incompatible-kotlin-gradle-plugin-usage-to-plugin-authors

If you are a plugin author, please migrate your plugin to Built-in Kotlin using this guide: https://docs.flutter.dev/release/breaking-changes/migrate-to-built-in-kotlin/for-plugin-authors
Font asset "MaterialIcons-Regular.otf" was tree-shaken, reducing it from 1645184 to 14052 bytes (99.1% reduction). Tree-shaking can be disabled by providing the --no-tree-shake-icons flag when building your app.
Running Gradle task 'assembleRelease'...                          108,8s
√ Built build\app\outputs\flutter-apk\app-release.apk (54.7MB)
EXIT=0
